



HELOOOOOOO WORlDDDDDDDDDDDDDDDDDDDDDDDDDDDDDD
